// Jest Snapshot v1, https://goo.gl/fbAQLP

exports[`renders without crashing 1`] = `
<div
  className="App"
>
  Hello world!
  <p>
    The current day is 
    Sep 14th 2017
  </p>
</div>
`;
